fetched: 81
[17:25] 1 20230702185753__20230702185753-on-20260411134726-2.4um.tifxyz ON SHEET
[17:25] 2 20230929220926__20230929220926-on-20260411134726-2.4um.tifxyz ON SHEET
[17:25] 3 20231005123336__20231005123336-on-20260411134726-2.4um.tifxyz ON SHEET
[17:25] 4 20231007101619__20231007101619-on-20260411134726-2.4um.tifxyz marginal
[17:26] 5 20231012184424__20231012184424-on-20260411134726-2.4um.tifxyz ON SHEET
[17:26] 6 20231016151002__20231016151002-on-20260411134726-2.4um.tifxyz ON SHEET
[17:26] 7 20231022170901__20231022170901-on-20260411134726-2.4um.tifxyz ON SHEET
[17:27] 8 20231031143852__20231031143852-on-20260411134726-2.4um.tifxyz ON SHEET
[17:27] 9 20231106155351__20231106155351-on-20260411134726-2.4um.tifxyz ON SHEET
[17:27] 10 20231210121321__20231210121321-on-20260411134726-2.4um.tifxyz ON SHEET
[17:27] 11 20231221180251__20231221180251-on-20260411134726-2.4um.tifxyz ON SHEET
[17:28] 12 20260602204401-5753_-7__20260602204401-on-20260411134726-2.4um.tifxyz ON SHEET
[17:28] 13 20260602225659-5753_0__20260602225659-on-20260411134726-2.4um.tifxyz ON SHEET
[17:28] 14 20260602230115-20230702185753_v14__20260602230115-on-20260411134726-2.4um.tifxyz ON SHEET
[17:28] 15 20260603005223-5753_-1__20260603005223-on-20260411134726-2.4um.tifxyz ON SHEET
[17:29] 16 20260603024952-5753_-2__20260603024952-on-20260411134726-2.4um.tifxyz ON SHEET
[17:29] 17 20260603042357-5753_-3__20260603042357-on-20260411134726-2.4um.tifxyz ON SHEET
[17:29] 18 20260603145540-5753_-4__20260603145540-on-20260411134726-2.4um.tifxyz ON SHEET
[17:29] 19 20260603185441-5753_-6__20260603185441-on-20260411134726-2.4um.tifxyz ON SHEET
[17:30] 20 20260603190005-5753_-5__20260603190005-on-20260411134726-2.4um.tifxyz ON SHEET
[17:30] 21 20260603193311-5753_-1_copy__20260603193311-on-20260411134726-2.4um.tifxyz ON SHEET
[17:30] 22 20260603222816-20231005123336_v2_flatboi__20260603222816-on-20260411134726-2.4um.tifxyz ON SHEET
[17:30] 23 20260604223808-20231210121321_v8__20260604223808-on-20260411134726-2.4um.tifxyz ON SHEET
[17:31] 24 20260623141135-w046-052_jordi__20260623141135-on-20260411134726-2.4um.tifxyz ON SHEET
[17:31] 25 20260623141649-w053-058_jordi__20260623141649-on-20260411134726-2.4um.tifxyz ON SHEET
[17:31] 26 20260623141924-w010-027__20260623141924-on-20260411134726-2.4um.tifxyz ON SHEET
[17:32] 27 20260623142658-w028-037__20260623142658-on-20260411134726-2.4um.tifxyz ON SHEET
[17:32] 28 20260623143441-w038-045__20260623143441-on-20260411134726-2.4um.tifxyz ON SHEET
[17:32] 29 20260623144224-w046-052__20260623144224-on-20260411134726-2.4um.tifxyz ON SHEET
[17:33] 30 20260623144957-w053-058__20260623144957-on-20260411134726-2.4um.tifxyz ON SHEET
[17:33] 31 20260623145652-w059-063__20260623145652-on-20260411134726-2.4um.tifxyz ON SHEET
[17:33] 32 20260623150417-w064-068__20260623150417-on-20260411134726-2.4um.tifxyz ON SHEET
[17:33] 33 20260623151041-w069-072__20260623151041-on-20260411134726-2.4um.tifxyz ON SHEET
[17:34] 34 20260623151729-w073-076__20260623151729-on-20260411134726-2.4um.tifxyz ON SHEET
[17:34] 35 20260623152443-w077-080__20260623152443-on-20260411134726-2.4um.tifxyz ON SHEET
[17:34] 36 20260623153216-w081-084__20260623153216-on-20260411134726-2.4um.tifxyz ON SHEET
[17:35] 37 20260623154006-w085-088__20260623154006-on-20260411134726-2.4um.tifxyz ON SHEET
[17:35] 38 20260623154617-w089-091__20260623154617-on-20260411134726-2.4um.tifxyz ON SHEET
[17:35] 39 20260623155240-w092-094__20260623155240-on-20260411134726-2.4um.tifxyz ON SHEET
[17:35] 40 20260623155914-w095-097__20260623155914-on-20260411134726-2.4um.tifxyz ON SHEET
[17:36] 41 20260623160554-w098-100__20260623160554-on-20260411134726-2.4um.tifxyz ON SHEET
[17:36] 42 20260623161233-w101-103__20260623161233-on-20260411134726-2.4um.tifxyz marginal
[17:36] 43 20260623161921-w104-106__20260623161921-on-20260411134726-2.4um.tifxyz ON SHEET
[17:37] 44 20260623162614-w107-109__20260623162614-on-20260411134726-2.4um.tifxyz ON SHEET
[17:37] 45 20260623163339-w110-112__20260623163339-on-20260411134726-2.4um.tifxyz ON SHEET
[17:37] 46 20260623164141-w113-115__20260623164141-on-20260411134726-2.4um.tifxyz ON SHEET
[17:38] 47 20260623164704-w116-117__20260623164704-on-20260411134726-2.4um.tifxyz ON SHEET
[17:38] 48 20260623165230-w118-119__20260623165230-on-20260411134726-2.4um.tifxyz ON SHEET
[17:38] 49 20260623165742-w120-121__20260623165742-on-20260411134726-2.4um.tifxyz ON SHEET
[17:39] 50 20260623170305-w122-123__20260623170305-on-20260411134726-2.4um.tifxyz ON SHEET
[17:39] 51 20260623170833-w124-125__20260623170833-on-20260411134726-2.4um.tifxyz ON SHEET
[17:39] 52 20260623171400-w126-127__20260623171400-on-20260411134726-2.4um.tifxyz ON SHEET
[17:39] 53 20260623171929-w128-129__20260623171929-on-20260411134726-2.4um.tifxyz OFF SHEET
[17:40] 54 20260701183124-w010-027__20260701183124-on-20260411134726-2.4um.tifxyz ON SHEET
[17:40] 55 20260701183125-w028-037__20260701183125-on-20260411134726-2.4um.tifxyz ON SHEET
[17:40] 56 20260701183126-w038-045__20260701183126-on-20260411134726-2.4um.tifxyz ON SHEET
[17:41] 57 20260701183127-w046-052__20260701183127-on-20260411134726-2.4um.tifxyz ON SHEET
[17:41] 58 20260701183128-w053-058__20260701183128-on-20260411134726-2.4um.tifxyz ON SHEET
[17:41] 59 20260701183129-w059-063__20260701183129-on-20260411134726-2.4um.tifxyz ON SHEET
[17:42] 60 20260701183130-w064-068__20260701183130-on-20260411134726-2.4um.tifxyz ON SHEET
[17:42] 61 20260701183131-w069-072__20260701183131-on-20260411134726-2.4um.tifxyz ON SHEET
[17:42] 62 20260701183132-w073-076__20260701183132-on-20260411134726-2.4um.tifxyz ON SHEET
[17:43] 63 20260701183133-w077-080__20260701183133-on-20260411134726-2.4um.tifxyz marginal
[17:43] 64 20260701183134-w081-084__20260701183134-on-20260411134726-2.4um.tifxyz ON SHEET
[17:43] 65 20260701183135-w085-088__20260701183135-on-20260411134726-2.4um.tifxyz ON SHEET
[17:44] 66 20260701183136-w089-091__20260701183136-on-20260411134726-2.4um.tifxyz ON SHEET
[17:44] 67 20260701183137-w092-094__20260701183137-on-20260411134726-2.4um.tifxyz ON SHEET
[17:44] 68 20260701183138-w095-097__20260701183138-on-20260411134726-2.4um.tifxyz ON SHEET
[17:45] 69 20260701183139-w098-100__20260701183139-on-20260411134726-2.4um.tifxyz ON SHEET
[17:45] 70 20260701183140-w101-103__20260701183140-on-20260411134726-2.4um.tifxyz ON SHEET
[17:45] 71 20260701183141-w104-106__20260701183141-on-20260411134726-2.4um.tifxyz ON SHEET
[17:46] 72 20260701183142-w107-109__20260701183142-on-20260411134726-2.4um.tifxyz ON SHEET
[17:46] 73 20260701183143-w110-112__20260701183143-on-20260411134726-2.4um.tifxyz ON SHEET
[17:46] 74 20260701183144-w113-115__20260701183144-on-20260411134726-2.4um.tifxyz ON SHEET
[17:47] 75 20260701183145-w116-117__20260701183145-on-20260411134726-2.4um.tifxyz ON SHEET
[17:47] 76 20260701183146-w118-119__20260701183146-on-20260411134726-2.4um.tifxyz ON SHEET
[17:47] 77 20260701183147-w120-121__20260701183147-on-20260411134726-2.4um.tifxyz ON SHEET
[17:48] 78 20260701183148-w122-123__20260701183148-on-20260411134726-2.4um.tifxyz ON SHEET
[17:48] 79 20260701183149-w124-125__20260701183149-on-20260411134726-2.4um.tifxyz ON SHEET
[17:48] 80 20260701183150-w126-127__20260701183150-on-20260411134726-2.4um.tifxyz ON SHEET
[17:49] 81 20260701183151-w128-129__20260701183151-on-20260411134726-2.4um.tifxyz OFF SHEET
CORPUS ONSHEET DONE 17:49  measured: 81
