to measure: 14
[18:21] 1 measuring PHerc0139__20250108000000-w025_2025010863__20250108000000-on-20260102150214-2.399um.tifxyz
surface                                      blocks    range  |peak|  verdict
------------------------------------------------------------------------------------
PHerc0139__20250108000000-w025_2025010863__2      8     55.3    14.5  

wrote /workspace/onsheet_series/PHerc0139__20250108000000-w025_2025010863__20250108000000-on-20260102150214-2.399um.tifxyz.json
[18:21] 2 measuring PHerc0139__20250108000001-w026_2025010854__20250108000001-on-20260102150214-2.399um.tifxyz
surface                                      blocks    range  |peak|  verdict
------------------------------------------------------------------------------------
PHerc0139__20250108000001-w026_2025010854__2      8     54.3    19.0  

wrote /workspace/onsheet_series/PHerc0139__20250108000001-w026_2025010854__20250108000001-on-20260102150214-2.399um.tifxyz.json
[18:21] 3 measuring PHerc0139__20250108000002-w027_2025010845__20250108000002-on-20260102150214-2.399um.tifxyz
surface                                      blocks    range  |peak|  verdict
------------------------------------------------------------------------------------
PHerc0139__20250108000002-w027_2025010845__2      8     57.6    35.0  

wrote /workspace/onsheet_series/PHerc0139__20250108000002-w027_2025010845__20250108000002-on-20260102150214-2.399um.tifxyz.json
[18:22] 4 measuring PHerc0139__20250108000003-w028_2025010836__20250108000003-on-20260102150214-2.399um.tifxyz
surface                                      blocks    range  |peak|  verdict
------------------------------------------------------------------------------------
PHerc0139__20250108000003-w028_2025010836__2      8     64.0    32.5  

wrote /workspace/onsheet_series/PHerc0139__20250108000003-w028_2025010836__20250108000003-on-20260102150214-2.399um.tifxyz.json
[18:22] 5 measuring PHerc0139__20250108000004-w029_2025010827__20250108000004-on-20260102150214-2.399um.tifxyz
surface                                      blocks    range  |peak|  verdict
------------------------------------------------------------------------------------
PHerc0139__20250108000004-w029_2025010827__2      8     50.8    21.5  

wrote /workspace/onsheet_series/PHerc0139__20250108000004-w029_2025010827__20250108000004-on-20260102150214-2.399um.tifxyz.json
[18:22] 6 measuring PHerc0139__20250108000005-w030_2025010818__20250108000005-on-20260102150214-2.399um.tifxyz
surface                                      blocks    range  |peak|  verdict
------------------------------------------------------------------------------------
PHerc0139__20250108000005-w030_2025010818__2      8     62.5    14.0  

wrote /workspace/onsheet_series/PHerc0139__20250108000005-w030_2025010818__20250108000005-on-20260102150214-2.399um.tifxyz.json
[18:22] 7 measuring PHerc0172__20250926112011-w078_20250926112011918_flatboi__20250926112011-on-20241024131838-7.91um.tifxyz
surface                                      blocks    range  |peak|  verdict
------------------------------------------------------------------------------------
PHerc0172__20250926112011-w078_2025092611201      8     18.0    28.5  

wrote /workspace/onsheet_series/PHerc0172__20250926112011-w078_20250926112011918_flatboi__20250926112011-on-20241024131838-7.91um.tifxyz.json
[18:22] 8 measuring PHerc0172__20250926113336-w079_20250926113336891_flatboi__20250926113336-on-20241024131838-7.91um.tifxyz
surface                                      blocks    range  |peak|  verdict
------------------------------------------------------------------------------------
PHerc0172__20250926113336-w079_2025092611333      8     17.0    12.0  

wrote /workspace/onsheet_series/PHerc0172__20250926113336-w079_20250926113336891_flatboi__20250926113336-on-20241024131838-7.91um.tifxyz.json
[18:23] 9 measuring PHerc0172__20250926114310-w080_20250926114310705_flatboi__20250926114310-on-20241024131838-7.91um.tifxyz
surface                                      blocks    range  |peak|  verdict
------------------------------------------------------------------------------------
PHerc0172__20250926114310-w080_2025092611431      8     21.2    31.0  

wrote /workspace/onsheet_series/PHerc0172__20250926114310-w080_20250926114310705_flatboi__20250926114310-on-20241024131838-7.91um.tifxyz.json
[18:23] 10 measuring PHerc0172__20250926122938-w082_20250926122938619_flatboi__20250926122938-on-20241024131838-7.91um.tifxyz
surface                                      blocks    range  |peak|  verdict
------------------------------------------------------------------------------------
PHerc0172__20250926122938-w082_2025092612293      8     22.3    11.0  

wrote /workspace/onsheet_series/PHerc0172__20250926122938-w082_20250926122938619_flatboi__20250926122938-on-20241024131838-7.91um.tifxyz.json
[18:23] 11 measuring PHerc0172__20250926132117-w083_20250926132117595_flatboi__20250926132117-on-20241024131838-7.91um.tifxyz
surface                                      blocks    range  |peak|  verdict
------------------------------------------------------------------------------------
PHerc0172__20250926132117-w083_2025092613211      8     19.4    26.5  

wrote /workspace/onsheet_series/PHerc0172__20250926132117-w083_20250926132117595_flatboi__20250926132117-on-20241024131838-7.91um.tifxyz.json
[18:23] 12 measuring PHerc0172__20250926145427-w084_20250926145427439_flatboi__20250926145427-on-20241024131838-7.91um.tifxyz
surface                                      blocks    range  |peak|  verdict
------------------------------------------------------------------------------------
PHerc0172__20250926145427-w084_2025092614542      8     19.7    45.0  

wrote /workspace/onsheet_series/PHerc0172__20250926145427-w084_20250926145427439_flatboi__20250926145427-on-20241024131838-7.91um.tifxyz.json
[18:24] 13 measuring PHerc0172__20250926150345-w086_20250926150345176_flatboi__20250926150345-on-20241024131838-7.91um.tifxyz
surface                                      blocks    range  |peak|  verdict
------------------------------------------------------------------------------------
PHerc0172__20250926150345-w086_2025092615034      8     21.4    33.0  

wrote /workspace/onsheet_series/PHerc0172__20250926150345-w086_20250926150345176_flatboi__20250926150345-on-20241024131838-7.91um.tifxyz.json
[18:24] 14 measuring PHerc0172__20250926153406-w088_20250926153406704_flatboi__20250926153406-on-20241024131838-7.91um.tifxyz
surface                                      blocks    range  |peak|  verdict
------------------------------------------------------------------------------------
PHerc0172__20250926153406-w088_2025092615340      8     18.7    16.0  

wrote /workspace/onsheet_series/PHerc0172__20250926153406-w088_20250926153406704_flatboi__20250926153406-on-20241024131838-7.91um.tifxyz.json
SERIES MEASURE DONE 18:24
