{
  "images": "/workspace/d059/imagesTr",
  "labels": "/workspace/d059/labelsTr_reg",
  "splits": "/workspace/labelscope/findings/full/d059_leakage/splits_final.json",
  "fold": 0,
  "tag": "reg",
  "seed": 0,
  "epochs": 40,
  "steps": 200,
  "batch": 2,
  "crop": 128,
  "lr": 0.001,
  "workers": 8,
  "out": "/workspace/runs",
  "device": "cuda",
  "n_train": 1401,
  "n_val": 351,
  "torch": "2.8.0+cu128"
}
/workspace/labelscope/experiments/train_surface.py:250: UserWarning: Converting a tensor with requires_grad=True to a scalar may lead to unexpected behavior.
Consider using tensor.detach() first. (Triggered internally at /pytorch/torch/csrc/autograd/generated/python_variable_methods.cpp:835.)
  total += float(loss)
{"epoch": 0, "train_loss": 1.2872053980827332, "val_loss": 1.247004821896553, "val_dice": 0.25501246750354767, "seconds": 119.7, "lr": 0.000998458666866564}
{"epoch": 1, "train_loss": 1.1902573555707932, "val_loss": 1.1772685647010803, "val_dice": 0.0, "seconds": 112.1, "lr": 0.0009938441702975688}
{"epoch": 2, "train_loss": 1.187628629207611, "val_loss": 1.1894377768039703, "val_dice": 0.16280009597539902, "seconds": 105.7, "lr": 0.0009861849601988382}
{"epoch": 3, "train_loss": 1.1805072620511055, "val_loss": 1.1516515016555786, "val_dice": 0.20064088166691363, "seconds": 107.7, "lr": 0.0009755282581475767}
{"epoch": 4, "train_loss": 1.1556001469492911, "val_loss": 1.1568331271409988, "val_dice": 0.13569558839662932, "seconds": 116.9, "lr": 0.0009619397662556432}
{"epoch": 5, "train_loss": 1.190258827805519, "val_loss": 1.1497425436973572, "val_dice": 0.16112913668621331, "seconds": 132.5, "lr": 0.0009455032620941838}
{"epoch": 6, "train_loss": 1.1676845160126685, "val_loss": 1.1381999999284744, "val_dice": 0.27147570811212063, "seconds": 233.5, "lr": 0.000926320082177046}
{"epoch": 7, "train_loss": 1.1343596416711808, "val_loss": 1.149274431169033, "val_dice": 0.20796513929963112, "seconds": 184.0, "lr": 0.0009045084971874736}
{"epoch": 8, "train_loss": 1.1588266056776046, "val_loss": 1.1300031244754791, "val_dice": 0.1774722842965275, "seconds": 184.1, "lr": 0.0008802029828000154}
{"epoch": 9, "train_loss": 1.1482015612721443, "val_loss": 1.1363113224506378, "val_dice": 0.18971176212653518, "seconds": 208.3, "lr": 0.0008535533905932736}
{"epoch": 10, "train_loss": 1.1702882742881775, "val_loss": 1.1231736168265343, "val_dice": 0.25895319785922766, "seconds": 226.4, "lr": 0.0008247240241650918}
{"epoch": 11, "train_loss": 1.1301714885234833, "val_loss": 1.120056539773941, "val_dice": 0.2441704161465168, "seconds": 180.4, "lr": 0.0007938926261462365}
{"epoch": 12, "train_loss": 1.1233269611001016, "val_loss": 1.1528073623776436, "val_dice": 0.31173640210181475, "seconds": 180.6, "lr": 0.0007612492823579742}
{"epoch": 13, "train_loss": 1.1652785313129426, "val_loss": 1.1270299851894379, "val_dice": 0.15636756923049688, "seconds": 221.6, "lr": 0.0007269952498697732}
{"epoch": 14, "train_loss": 1.0932195860147476, "val_loss": 1.1227898672223091, "val_dice": 0.332640266045928, "seconds": 175.9, "lr": 0.0006913417161825447}
{"epoch": 15, "train_loss": 1.1492206555604936, "val_loss": 1.1190904155373573, "val_dice": 0.21747783850878477, "seconds": 168.2, "lr": 0.0006545084971874736}
{"epoch": 16, "train_loss": 1.166183839738369, "val_loss": 1.1168474555015564, "val_dice": 0.2383001339621842, "seconds": 149.5, "lr": 0.0006167226819279527}
{"epoch": 17, "train_loss": 1.118997455239296, "val_loss": 1.1341795325279236, "val_dice": 0.255617156624794, "seconds": 157.7, "lr": 0.0005782172325201154}
{"epoch": 18, "train_loss": 1.1195070308446884, "val_loss": 1.1162273660302162, "val_dice": 0.2730939444154501, "seconds": 179.1, "lr": 0.0005392295478639224}
{"epoch": 19, "train_loss": 1.1416728964447975, "val_loss": 1.1126632764935493, "val_dice": 0.2456086603924632, "seconds": 147.4, "lr": 0.0004999999999999999}
{"epoch": 20, "train_loss": 1.1164919379353524, "val_loss": 1.1069014370441437, "val_dice": 0.29704758524894714, "seconds": 141.2, "lr": 0.0004607704521360775}
{"epoch": 21, "train_loss": 1.127539134323597, "val_loss": 1.1136025562882423, "val_dice": 0.273952130228281, "seconds": 153.6, "lr": 0.0004217827674798846}
{"epoch": 22, "train_loss": 1.1431346780061722, "val_loss": 1.1129022240638733, "val_dice": 0.2599436463788152, "seconds": 207.4, "lr": 0.0003832773180720472}
{"epoch": 23, "train_loss": 1.1387603518366813, "val_loss": 1.1210294216871262, "val_dice": 0.29100728780031204, "seconds": 150.6, "lr": 0.0003454915028125262}
{"epoch": 24, "train_loss": 1.144922149181366, "val_loss": 1.1436114758253098, "val_dice": 0.24880684446543455, "seconds": 151.5, "lr": 0.00030865828381745506}
{"epoch": 25, "train_loss": 1.1415991029143333, "val_loss": 1.1117696315050125, "val_dice": 0.2750585647299886, "seconds": 169.0, "lr": 0.0002730047501302265}
{"epoch": 26, "train_loss": 1.1675560063123702, "val_loss": 1.0995813012123108, "val_dice": 0.24065138073638082, "seconds": 144.1, "lr": 0.0002387507176420255}
{"epoch": 27, "train_loss": 1.1311219215393067, "val_loss": 1.1050207391381264, "val_dice": 0.255606884136796, "seconds": 200.7, "lr": 0.0002061073738537634}
{"epoch": 28, "train_loss": 1.0983216658234596, "val_loss": 1.1187694519758224, "val_dice": 0.2818296756595373, "seconds": 148.5, "lr": 0.00017527597583490815}
{"epoch": 29, "train_loss": 1.1659169763326644, "val_loss": 1.0983186662197113, "val_dice": 0.2548079276457429, "seconds": 149.0, "lr": 0.0001464466094067262}
{"epoch": 30, "train_loss": 1.138909623324871, "val_loss": 1.1029791235923767, "val_dice": 0.2954753991216421, "seconds": 157.4, "lr": 0.00011979701719998447}
{"epoch": 31, "train_loss": 1.1500009840726853, "val_loss": 1.100743219256401, "val_dice": 0.27122408896684647, "seconds": 200.4, "lr": 9.549150281252627e-05}
{"epoch": 32, "train_loss": 1.1631969100236892, "val_loss": 1.0930076390504837, "val_dice": 0.28495929948985577, "seconds": 196.3, "lr": 7.367991782295387e-05}
{"epoch": 33, "train_loss": 1.1218294507265092, "val_loss": 1.0939216911792755, "val_dice": 0.28930225782096386, "seconds": 143.0, "lr": 5.4496737905816076e-05}
{"epoch": 34, "train_loss": 1.1197367396950721, "val_loss": 1.0890005603432655, "val_dice": 0.28994407318532467, "seconds": 154.4, "lr": 3.806023374435661e-05}
{"epoch": 35, "train_loss": 1.1310117262601853, "val_loss": 1.0907431244850159, "val_dice": 0.28797774761915207, "seconds": 187.9, "lr": 2.447174185242322e-05}
{"epoch": 36, "train_loss": 1.0878077530860901, "val_loss": 1.0895632207393646, "val_dice": 0.288850836455822, "seconds": 174.8, "lr": 1.3815039801161714e-05}
