{
  "images": "/workspace/d059/imagesTr",
  "labels": "/workspace/d059/labelsTr_reg",
  "splits": "/workspace/labelscope/findings/full/d059_leakage/splits_final.json",
  "fold": 0,
  "tag": "reg",
  "seed": 1,
  "epochs": 40,
  "steps": 200,
  "batch": 2,
  "crop": 128,
  "lr": 0.001,
  "workers": 8,
  "out": "/workspace/runs",
  "device": "cuda",
  "n_train": 1401,
  "n_val": 351,
  "torch": "2.8.0+cu128"
}
/workspace/labelscope/experiments/train_surface.py:250: UserWarning: Converting a tensor with requires_grad=True to a scalar may lead to unexpected behavior.
Consider using tensor.detach() first. (Triggered internally at /pytorch/torch/csrc/autograd/generated/python_variable_methods.cpp:835.)
  total += float(loss)
{"epoch": 0, "train_loss": 1.225443969964981, "val_loss": 1.2125615030527115, "val_dice": 0.0, "seconds": 125.5, "lr": 0.000998458666866564}
{"epoch": 1, "train_loss": 1.1825230258703232, "val_loss": 1.2111257910728455, "val_dice": 0.0019513959250616608, "seconds": 116.2, "lr": 0.0009938441702975688}
{"epoch": 2, "train_loss": 1.1601227754354477, "val_loss": 1.2662604600191116, "val_dice": 0.15322486334480345, "seconds": 111.6, "lr": 0.0009861849601988382}
{"epoch": 3, "train_loss": 1.1612356531620025, "val_loss": 1.2003924250602722, "val_dice": 0.061821297043934464, "seconds": 109.5, "lr": 0.0009755282581475767}
{"epoch": 4, "train_loss": 1.1710834515094757, "val_loss": 1.1790037006139755, "val_dice": 0.15929028717800975, "seconds": 114.3, "lr": 0.0009619397662556432}
{"epoch": 5, "train_loss": 1.197918410897255, "val_loss": 1.1839132755994797, "val_dice": 0.1845330335199833, "seconds": 148.0, "lr": 0.0009455032620941838}
{"epoch": 6, "train_loss": 1.1800300204753875, "val_loss": 1.1981690227985382, "val_dice": 0.09786960513883969, "seconds": 248.7, "lr": 0.000926320082177046}
{"epoch": 7, "train_loss": 1.1552201625704765, "val_loss": 1.1679192706942558, "val_dice": 0.11722177539922995, "seconds": 171.2, "lr": 0.0009045084971874736}
{"epoch": 8, "train_loss": 1.1402530479431152, "val_loss": 1.1603281572461128, "val_dice": 0.14569967307761544, "seconds": 186.8, "lr": 0.0008802029828000154}
{"epoch": 9, "train_loss": 1.147194387614727, "val_loss": 1.164677008986473, "val_dice": 0.07492090336654655, "seconds": 209.2, "lr": 0.0008535533905932736}
{"epoch": 10, "train_loss": 1.1778725358843802, "val_loss": 1.1654031872749329, "val_dice": 0.11847271712031215, "seconds": 220.8, "lr": 0.0008247240241650918}
{"epoch": 11, "train_loss": 1.1149640947580337, "val_loss": 1.173476792871952, "val_dice": 0.16675719525665045, "seconds": 171.2, "lr": 0.0007938926261462365}
{"epoch": 12, "train_loss": 1.1581404396891595, "val_loss": 1.1990661472082138, "val_dice": 0.17636910593137145, "seconds": 176.2, "lr": 0.0007612492823579742}
{"epoch": 13, "train_loss": 1.12676639854908, "val_loss": 1.1676252037286758, "val_dice": 0.14327660252456553, "seconds": 204.0, "lr": 0.0007269952498697732}
{"epoch": 14, "train_loss": 1.1357756665349006, "val_loss": 1.1796832382678986, "val_dice": 0.2019787086173892, "seconds": 177.4, "lr": 0.0006913417161825447}
{"epoch": 15, "train_loss": 1.1234159243106843, "val_loss": 1.1592140197753906, "val_dice": 0.18023080949205905, "seconds": 145.4, "lr": 0.0006545084971874736}
{"epoch": 16, "train_loss": 1.125871563255787, "val_loss": 1.1682988107204437, "val_dice": 0.23176895081996918, "seconds": 140.5, "lr": 0.0006167226819279527}
{"epoch": 17, "train_loss": 1.1164967495203018, "val_loss": 1.1686795949935913, "val_dice": 0.23141734674572945, "seconds": 159.1, "lr": 0.0005782172325201154}
{"epoch": 18, "train_loss": 1.1266660594940185, "val_loss": 1.1804376989603043, "val_dice": 0.21212653256952763, "seconds": 169.4, "lr": 0.0005392295478639224}
{"epoch": 19, "train_loss": 1.125317091047764, "val_loss": 1.1746970489621162, "val_dice": 0.18557363655418158, "seconds": 156.8, "lr": 0.0004999999999999999}
{"epoch": 20, "train_loss": 1.1778232175111771, "val_loss": 1.166928343474865, "val_dice": 0.21034285984933376, "seconds": 144.5, "lr": 0.0004607704521360775}
{"epoch": 21, "train_loss": 1.1235996672511102, "val_loss": 1.1839724779129028, "val_dice": 0.22646803129464388, "seconds": 148.9, "lr": 0.0004217827674798846}
{"epoch": 22, "train_loss": 1.1435342100262642, "val_loss": 1.1525943279266357, "val_dice": 0.18746186466887593, "seconds": 205.8, "lr": 0.0003832773180720472}
{"epoch": 23, "train_loss": 1.1423274418711662, "val_loss": 1.1592819541692734, "val_dice": 0.20333527028560638, "seconds": 154.1, "lr": 0.0003454915028125262}
{"epoch": 24, "train_loss": 1.1680023545026779, "val_loss": 1.1658365428447723, "val_dice": 0.2136404076591134, "seconds": 151.3, "lr": 0.00030865828381745506}
{"epoch": 25, "train_loss": 1.1108232837915422, "val_loss": 1.1662945300340652, "val_dice": 0.24385816417634487, "seconds": 163.0, "lr": 0.0002730047501302265}
{"epoch": 26, "train_loss": 1.1336290481686593, "val_loss": 1.1437542960047722, "val_dice": 0.17140315001597628, "seconds": 159.8, "lr": 0.0002387507176420255}
{"epoch": 27, "train_loss": 1.1241902384161948, "val_loss": 1.1485734581947327, "val_dice": 0.15098542725900188, "seconds": 217.3, "lr": 0.0002061073738537634}
{"epoch": 28, "train_loss": 1.144440712928772, "val_loss": 1.1426464766263962, "val_dice": 0.22114161774516106, "seconds": 147.7, "lr": 0.00017527597583490815}
{"epoch": 29, "train_loss": 1.1187623113393783, "val_loss": 1.1530152037739754, "val_dice": 0.21357162855565548, "seconds": 142.1, "lr": 0.0001464466094067262}
{"epoch": 30, "train_loss": 1.1045807728171348, "val_loss": 1.175119549036026, "val_dice": 0.21678263042122126, "seconds": 161.8, "lr": 0.00011979701719998447}
{"epoch": 31, "train_loss": 1.136107329428196, "val_loss": 1.1691459268331528, "val_dice": 0.21523828338831663, "seconds": 207.8, "lr": 9.549150281252627e-05}
{"epoch": 32, "train_loss": 1.1600407606363297, "val_loss": 1.151416800916195, "val_dice": 0.19179112697020173, "seconds": 182.2, "lr": 7.367991782295387e-05}
{"epoch": 33, "train_loss": 1.1272957372665404, "val_loss": 1.144515074789524, "val_dice": 0.20485735358670354, "seconds": 157.5, "lr": 5.4496737905816076e-05}
{"epoch": 34, "train_loss": 1.1409132000803948, "val_loss": 1.1466742902994156, "val_dice": 0.21047142939642072, "seconds": 151.3, "lr": 3.806023374435661e-05}
{"epoch": 35, "train_loss": 1.1182131761312484, "val_loss": 1.1476357355713844, "val_dice": 0.22748419642448425, "seconds": 180.1, "lr": 2.447174185242322e-05}
{"epoch": 36, "train_loss": 1.105073688030243, "val_loss": 1.1472436040639877, "val_dice": 0.22732273302972317, "seconds": 153.8, "lr": 1.3815039801161714e-05}
