{
  "images": "/workspace/d059/imagesTr",
  "labels": "/workspace/d059/labelsTr",
  "splits": "/workspace/labelscope/findings/full/d059_leakage/splits_final.json",
  "fold": 0,
  "tag": "orig",
  "seed": 1,
  "epochs": 40,
  "steps": 200,
  "batch": 2,
  "crop": 128,
  "lr": 0.001,
  "workers": 8,
  "out": "/workspace/runs",
  "device": "cuda",
  "n_train": 1401,
  "n_val": 351,
  "torch": "2.8.0+cu128"
}
/workspace/labelscope/experiments/train_surface.py:250: UserWarning: Converting a tensor with requires_grad=True to a scalar may lead to unexpected behavior.
Consider using tensor.detach() first. (Triggered internally at /pytorch/torch/csrc/autograd/generated/python_variable_methods.cpp:835.)
  total += float(loss)
{"epoch": 0, "train_loss": 1.2287897866964341, "val_loss": 1.2123271375894547, "val_dice": 0.0, "seconds": 125.2, "lr": 0.000998458666866564}
{"epoch": 1, "train_loss": 1.1806393253803253, "val_loss": 1.2257424890995026, "val_dice": 0.028807785245589912, "seconds": 117.2, "lr": 0.0009938441702975688}
{"epoch": 2, "train_loss": 1.1691454672813415, "val_loss": 1.230903148651123, "val_dice": 0.1047456506639719, "seconds": 109.7, "lr": 0.0009861849601988382}
{"epoch": 3, "train_loss": 1.1641395679116249, "val_loss": 1.199423372745514, "val_dice": 0.11757945502176881, "seconds": 111.2, "lr": 0.0009755282581475767}
{"epoch": 4, "train_loss": 1.1662604767084122, "val_loss": 1.1728766113519669, "val_dice": 0.20130898617208004, "seconds": 113.5, "lr": 0.0009619397662556432}
{"epoch": 5, "train_loss": 1.1879111224412917, "val_loss": 1.1736205071210861, "val_dice": 0.15730916650500149, "seconds": 149.2, "lr": 0.0009455032620941838}
{"epoch": 6, "train_loss": 1.1776852816343308, "val_loss": 1.1829022318124771, "val_dice": 0.10524141254131791, "seconds": 249.5, "lr": 0.000926320082177046}
{"epoch": 7, "train_loss": 1.1452740597724915, "val_loss": 1.1545918807387352, "val_dice": 0.14857870900596026, "seconds": 169.5, "lr": 0.0009045084971874736}
{"epoch": 8, "train_loss": 1.1410026049613953, "val_loss": 1.1521622613072395, "val_dice": 0.24611040111631155, "seconds": 186.6, "lr": 0.0008802029828000154}
{"epoch": 9, "train_loss": 1.1561844810843467, "val_loss": 1.1541577279567719, "val_dice": 0.11225597746670246, "seconds": 209.1, "lr": 0.0008535533905932736}
{"epoch": 10, "train_loss": 1.1617287242412566, "val_loss": 1.1844801753759384, "val_dice": 0.24028574395924807, "seconds": 221.1, "lr": 0.0008247240241650918}
{"epoch": 11, "train_loss": 1.1154203164577483, "val_loss": 1.1695551425218582, "val_dice": 0.1777066361391917, "seconds": 170.9, "lr": 0.0007938926261462365}
{"epoch": 12, "train_loss": 1.1563150480389595, "val_loss": 1.1766787618398666, "val_dice": 0.18689160572830588, "seconds": 180.1, "lr": 0.0007612492823579742}
{"epoch": 13, "train_loss": 1.123138399720192, "val_loss": 1.1628954261541367, "val_dice": 0.1429790686815977, "seconds": 199.8, "lr": 0.0007269952498697732}
{"epoch": 14, "train_loss": 1.1350770449638368, "val_loss": 1.1780447214841843, "val_dice": 0.19971130462363362, "seconds": 177.2, "lr": 0.0006913417161825447}
{"epoch": 15, "train_loss": 1.1248691698908806, "val_loss": 1.1560413539409637, "val_dice": 0.23912979383021593, "seconds": 143.2, "lr": 0.0006545084971874736}
{"epoch": 16, "train_loss": 1.122056428194046, "val_loss": 1.1540001183748245, "val_dice": 0.24382293224334717, "seconds": 143.1, "lr": 0.0006167226819279527}
{"epoch": 17, "train_loss": 1.122492614686489, "val_loss": 1.1667470037937164, "val_dice": 0.25037367455661297, "seconds": 159.1, "lr": 0.0005782172325201154}
{"epoch": 18, "train_loss": 1.123982331752777, "val_loss": 1.1795670539140701, "val_dice": 0.21899208799004555, "seconds": 171.4, "lr": 0.0005392295478639224}
{"epoch": 19, "train_loss": 1.128964169025421, "val_loss": 1.1658354550600052, "val_dice": 0.20693066203966737, "seconds": 155.0, "lr": 0.0004999999999999999}
{"epoch": 20, "train_loss": 1.1779248112440108, "val_loss": 1.1655720248818398, "val_dice": 0.23753070831298828, "seconds": 143.7, "lr": 0.0004607704521360775}
{"epoch": 21, "train_loss": 1.1307428738474845, "val_loss": 1.175199881196022, "val_dice": 0.23650188464671373, "seconds": 151.4, "lr": 0.0004217827674798846}
{"epoch": 22, "train_loss": 1.143839718401432, "val_loss": 1.1453700512647629, "val_dice": 0.2095019957050681, "seconds": 205.0, "lr": 0.0003832773180720472}
{"epoch": 23, "train_loss": 1.1368412151932716, "val_loss": 1.160920888185501, "val_dice": 0.19996614661067724, "seconds": 153.8, "lr": 0.0003454915028125262}
{"epoch": 24, "train_loss": 1.1677911704778672, "val_loss": 1.1676091998815536, "val_dice": 0.22232276760041714, "seconds": 151.9, "lr": 0.00030865828381745506}
{"epoch": 25, "train_loss": 1.1125486141443253, "val_loss": 1.1656024232506752, "val_dice": 0.2434063022956252, "seconds": 163.3, "lr": 0.0002730047501302265}
{"epoch": 26, "train_loss": 1.1363021624088288, "val_loss": 1.1430063769221306, "val_dice": 0.17743458598852158, "seconds": 157.1, "lr": 0.0002387507176420255}
{"epoch": 27, "train_loss": 1.1222079691290856, "val_loss": 1.141864001750946, "val_dice": 0.17480817041359842, "seconds": 217.9, "lr": 0.0002061073738537634}
{"epoch": 28, "train_loss": 1.1453733387589455, "val_loss": 1.136768288910389, "val_dice": 0.2078338824212551, "seconds": 148.6, "lr": 0.00017527597583490815}
{"epoch": 29, "train_loss": 1.120806285738945, "val_loss": 1.1571564748883247, "val_dice": 0.23455373756587505, "seconds": 141.5, "lr": 0.0001464466094067262}
{"epoch": 30, "train_loss": 1.1066808071732521, "val_loss": 1.1728660762310028, "val_dice": 0.23140506260097027, "seconds": 161.5, "lr": 0.00011979701719998447}
{"epoch": 31, "train_loss": 1.1410474222898483, "val_loss": 1.1603267937898636, "val_dice": 0.22437769174575806, "seconds": 209.2, "lr": 9.549150281252627e-05}
{"epoch": 32, "train_loss": 1.1579875358939171, "val_loss": 1.1449419036507607, "val_dice": 0.1978053767234087, "seconds": 183.1, "lr": 7.367991782295387e-05}
{"epoch": 33, "train_loss": 1.1296116465330124, "val_loss": 1.1390068903565407, "val_dice": 0.2120559155009687, "seconds": 155.4, "lr": 5.4496737905816076e-05}
{"epoch": 34, "train_loss": 1.1432809337973595, "val_loss": 1.1425817236304283, "val_dice": 0.21844227518886328, "seconds": 149.6, "lr": 3.806023374435661e-05}
{"epoch": 35, "train_loss": 1.119744467139244, "val_loss": 1.143503300845623, "val_dice": 0.23170696292072535, "seconds": 181.3, "lr": 2.447174185242322e-05}
{"epoch": 36, "train_loss": 1.1119526544213294, "val_loss": 1.1427277326583862, "val_dice": 0.23292823787778616, "seconds": 153.4, "lr": 1.3815039801161714e-05}
