{
  "images": "/workspace/d059/imagesTr",
  "labels": "/workspace/d059/labelsTr",
  "splits": "/workspace/labelscope/findings/full/d059_leakage/splits_final.json",
  "fold": 0,
  "tag": "orig",
  "seed": 0,
  "epochs": 40,
  "steps": 200,
  "batch": 2,
  "crop": 128,
  "lr": 0.001,
  "workers": 8,
  "out": "/workspace/runs",
  "device": "cuda",
  "n_train": 1401,
  "n_val": 351,
  "torch": "2.8.0+cu128"
}
/workspace/labelscope/experiments/train_surface.py:250: UserWarning: Converting a tensor with requires_grad=True to a scalar may lead to unexpected behavior.
Consider using tensor.detach() first. (Triggered internally at /pytorch/torch/csrc/autograd/generated/python_variable_methods.cpp:835.)
  total += float(loss)
{"epoch": 0, "train_loss": 1.288543382883072, "val_loss": 1.2635692656040192, "val_dice": 0.21913664788007736, "seconds": 120.1, "lr": 0.000998458666866564}
{"epoch": 1, "train_loss": 1.1891004633903504, "val_loss": 1.1784808337688446, "val_dice": 0.0, "seconds": 112.2, "lr": 0.0009938441702975688}
{"epoch": 2, "train_loss": 1.1974995362758636, "val_loss": 1.1682853996753693, "val_dice": 0.18424764275550842, "seconds": 102.8, "lr": 0.0009861849601988382}
{"epoch": 3, "train_loss": 1.194838480949402, "val_loss": 1.1547781974077225, "val_dice": 0.17942017130553722, "seconds": 110.4, "lr": 0.0009755282581475767}
{"epoch": 4, "train_loss": 1.163722227215767, "val_loss": 1.158444344997406, "val_dice": 0.09903313258837443, "seconds": 114.0, "lr": 0.0009619397662556432}
{"epoch": 5, "train_loss": 1.1996957939863204, "val_loss": 1.165070116519928, "val_dice": 0.044069592433515936, "seconds": 134.7, "lr": 0.0009455032620941838}
{"epoch": 6, "train_loss": 1.1795005983114242, "val_loss": 1.1327703148126602, "val_dice": 0.2770135421305895, "seconds": 236.2, "lr": 0.000926320082177046}
{"epoch": 7, "train_loss": 1.1459305676817895, "val_loss": 1.1713670641183853, "val_dice": 0.21832908410578966, "seconds": 181.4, "lr": 0.0009045084971874736}
{"epoch": 8, "train_loss": 1.1642074865102767, "val_loss": 1.1475963592529297, "val_dice": 0.16673281136900187, "seconds": 185.0, "lr": 0.0008802029828000154}
{"epoch": 9, "train_loss": 1.1528213122487068, "val_loss": 1.1401498466730118, "val_dice": 0.17000370268215192, "seconds": 207.8, "lr": 0.0008535533905932736}
{"epoch": 10, "train_loss": 1.1692182278633119, "val_loss": 1.1327010244131088, "val_dice": 0.20772035513073206, "seconds": 226.3, "lr": 0.0008247240241650918}
{"epoch": 11, "train_loss": 1.1438609716296195, "val_loss": 1.1193186044692993, "val_dice": 0.2854565214365721, "seconds": 181.6, "lr": 0.0007938926261462365}
{"epoch": 12, "train_loss": 1.1300436887145042, "val_loss": 1.1662742868065834, "val_dice": 0.27901962865144014, "seconds": 179.3, "lr": 0.0007612492823579742}
{"epoch": 13, "train_loss": 1.1725847655534745, "val_loss": 1.1308505535125732, "val_dice": 0.16279633529484272, "seconds": 222.0, "lr": 0.0007269952498697732}
{"epoch": 14, "train_loss": 1.0984639024734497, "val_loss": 1.1247501894831657, "val_dice": 0.30486761033535004, "seconds": 176.0, "lr": 0.0006913417161825447}
{"epoch": 15, "train_loss": 1.1626214423775674, "val_loss": 1.1176392585039139, "val_dice": 0.19679302722215652, "seconds": 167.5, "lr": 0.0006545084971874736}
{"epoch": 16, "train_loss": 1.1686888697743416, "val_loss": 1.1175246685743332, "val_dice": 0.21997325075790286, "seconds": 150.4, "lr": 0.0006167226819279527}
{"epoch": 17, "train_loss": 1.1289373302459718, "val_loss": 1.1294404119253159, "val_dice": 0.24148437147960067, "seconds": 156.6, "lr": 0.0005782172325201154}
{"epoch": 18, "train_loss": 1.1271322056651116, "val_loss": 1.1267678812146187, "val_dice": 0.22899603564292192, "seconds": 177.9, "lr": 0.0005392295478639224}
{"epoch": 19, "train_loss": 1.1482391446828841, "val_loss": 1.1078679859638214, "val_dice": 0.2518682675436139, "seconds": 152.7, "lr": 0.0004999999999999999}
{"epoch": 20, "train_loss": 1.1215949907898903, "val_loss": 1.1031364500522614, "val_dice": 0.24871215969324112, "seconds": 141.9, "lr": 0.0004607704521360775}
{"epoch": 21, "train_loss": 1.1383738121390343, "val_loss": 1.1208259761333466, "val_dice": 0.2713140221312642, "seconds": 152.0, "lr": 0.0004217827674798846}
{"epoch": 22, "train_loss": 1.141672513782978, "val_loss": 1.1166126281023026, "val_dice": 0.24828189704567194, "seconds": 208.8, "lr": 0.0003832773180720472}
{"epoch": 23, "train_loss": 1.1455532747507096, "val_loss": 1.1245050206780434, "val_dice": 0.27946726977825165, "seconds": 149.5, "lr": 0.0003454915028125262}
{"epoch": 24, "train_loss": 1.146925922334194, "val_loss": 1.1433245688676834, "val_dice": 0.23027279958478175, "seconds": 149.5, "lr": 0.00030865828381745506}
{"epoch": 25, "train_loss": 1.1436626619100572, "val_loss": 1.1171468421816826, "val_dice": 0.24874451477080584, "seconds": 169.6, "lr": 0.0002730047501302265}
{"epoch": 26, "train_loss": 1.1713722407817841, "val_loss": 1.103067696094513, "val_dice": 0.21900282226488343, "seconds": 143.9, "lr": 0.0002387507176420255}
{"epoch": 27, "train_loss": 1.1387003272771836, "val_loss": 1.1034036949276924, "val_dice": 0.23191922873957083, "seconds": 200.3, "lr": 0.0002061073738537634}
{"epoch": 28, "train_loss": 1.1085109403729438, "val_loss": 1.1133884638547897, "val_dice": 0.26391082536429167, "seconds": 148.5, "lr": 0.00017527597583490815}
{"epoch": 29, "train_loss": 1.1660168913006783, "val_loss": 1.1009628772735596, "val_dice": 0.23394284071400762, "seconds": 146.6, "lr": 0.0001464466094067262}
{"epoch": 30, "train_loss": 1.1471007353067397, "val_loss": 1.1028558164834976, "val_dice": 0.2800544435158372, "seconds": 157.3, "lr": 0.00011979701719998447}
{"epoch": 31, "train_loss": 1.1549083152413369, "val_loss": 1.1072062849998474, "val_dice": 0.2357701724395156, "seconds": 204.1, "lr": 9.549150281252627e-05}
{"epoch": 32, "train_loss": 1.167185872197151, "val_loss": 1.0985083729028702, "val_dice": 0.25633994303643703, "seconds": 196.8, "lr": 7.367991782295387e-05}
{"epoch": 33, "train_loss": 1.1308737048506736, "val_loss": 1.0978061258792877, "val_dice": 0.2624833472073078, "seconds": 142.8, "lr": 5.4496737905816076e-05}
{"epoch": 34, "train_loss": 1.1213391929864884, "val_loss": 1.0936231464147568, "val_dice": 0.2659964682534337, "seconds": 152.0, "lr": 3.806023374435661e-05}
{"epoch": 35, "train_loss": 1.1380668780207635, "val_loss": 1.0950244814157486, "val_dice": 0.26382892951369286, "seconds": 188.3, "lr": 2.447174185242322e-05}
{"epoch": 36, "train_loss": 1.097486445605755, "val_loss": 1.0940671935677528, "val_dice": 0.2648282144218683, "seconds": 174.9, "lr": 1.3815039801161714e-05}
