3bea42d onsheet: read each surface volume's geometry from its .zarray
[1] ok 20250917143559-w062_20250917143559205_flatboi
[2] ok 20250926112011-w078_20250926112011918_flatboi
[3] ok 20250926113336-w079_20250926113336891_flatboi
[4] ok 20250926114310-w080_20250926114310705_flatboi
[5] ok 20250926122938-w082_20250926122938619_flatboi
[6] ok 20250926132117-w083_20250926132117595_flatboi
[7] ok 20250926145427-w084_20250926145427439_flatboi
[8] ok 20250926150345-w086_20250926150345176_flatboi
[9] ok 20250926153406-w088_20250926153406704_flatboi
[10] ok 20251106133152-w077_20251106133152767_flatboi
[11] ok 20251106170358-w076_20251106170358232_flatboi
[12] ok 20251107063327-w063_20251107063327215_flatboi
[13] ok 20251107110950-w064_20251107110950052_flatboi
[14] ok 20251107175958-w061_20251107175958270_flatboi
[15] ok 20251109232817-w065_20251109232817724_flatboi
[16] ok 20251110110112-w066_20251110110112608_flatboi
[17] ok 20251110135146-w085_20251110135146457_flatboi
[18] ok 20251110135803-w067_20251110135803677_flatboi
[19] ok 20251111010954-w068_20251111010954408_flatboi
[20] ok 20251111151836-w069_20251111151836406_flatboi
[21] ok 20251111210734-w070_20251111210734722_flatboi
[22] ok 20251112000002-w087_20251112000002214_flatboi
[23] ok 20251112163527-w071_20251112163527854_flatboi
[24] ok 20251113021010-w072_20251113021010674_flatboi
[25] ok 20251113130119-w073_20251113130119516_flatboi
[26] ok 20251113152136-w074_20251113152136889_flatboi
[27] ok 20251113204233-w075_20251113204233755_flatboi
[28] ok 20251114202035-w081_20251114202035261_flatboi
[29] ok 20251115002740-auto_grown_20251115002740308_0_flatboi
[30] ok 20251115002741-auto_grown_20251115002740308_1_flatboi
[31] ok 20251115002742-auto_grown_20251115002740308_2_flatboi
[32] ok 20251115002743-auto_grown_20251115002740308_3_flatboi
[33] ok 20251115002744-auto_grown_20251115002740308_4_flatboi
[34] ok 20251115002745-auto_grown_20251115002740308_5_flatboi
[35] ok 20251115002746-auto_grown_20251115002740308_6_flatboi
[36] ok 20251115002747-auto_grown_20251115002740308_7_flatboi
[37] ok 20251115002748-auto_grown_20251115002740308_8_flatboi
[38] ok 20251203230500-w089_20251203230500465_flatboi
[39] ok 20251204060522-w090_20251204060522416_flatboi
[40] ok 20251204071911-w091_20251204071911070_flatboi
[41] ok 20251204101314-w092_20251204101314959_flatboi
[42] ok 20251204192708-w093_20251204192708445_flatboi
[43] ok 20251205115859-w094_20251205115859448_flatboi
[44] ok 20251206184729-w095_20251206184729906_flatboi
[45] ok 20251207123912-w060_20251207123912611_flatboi
[46] ok 20251210142414-w059_20251210142414060_flatboi
[47] ok 20251210153304-w058_20251210153304503_flatboi
[48] ok 20251210160810-w057_20251210160810301_flatboi
[49] ok 20251211095724-w056_20251211095724922_flatboi
[50] ok 20251211111451-w055_20251211111451620_flatboi
[51] ok 20251211135303-w054_20251211135303394_flatboi
[52] ok 20251211152543-w053_20251211152543204_flatboi
[53] ok 20251212105627-w052_20251212105627148_flatboi
[54] ok 20250511003658-tifxyz
[55] ok 20250902170435--5_b2
[56] ok 20250902170441--4_b2
[57] ok 20250902170447--3_b2
[58] ok 20250902171202--2_b2
[59] ok 20250902171204--1_b2
[60] ok 20250904233748-0_b2
[61] ok 20250905172054-1_b2
[62] ok 20250609204953-z_dbg_gen_00612
[63] ok 20250611132918-z_dbg_gen_00302_inp_hr
[64] ok 20250611133823-z_dbg_gen_00130_inp_hr
[65] ok 20250611134135-z_dbg_gen_00331_inp_hr
[66] ok 20250611153340-z_dbg_gen_00275
[67] ok 20250611153346-z_dbg_gen_00286_inp_hr
[68] ok 20250611153347-z_dbg_gen_00105_inp_hr
[69] ok 20250611154256-z_dbg_gen_00354_inp_hr
[70] ok 20250611161023-z_dbg_gen_00205_inp_hr
[71] ok 20250611161415-z_dbg_gen_00411_inp_hr
[72] ok 20250611170257-z_dbg_gen_00308_inp_hr
[73] ok 20250611171318-z_dbg_gen_00440_inp_hr
[74] ok 20250611171745-z_dbg_gen_00225_inp_hr
[75] ok 20250611172135-z_dbg_gen_00346_inp_hr
[76] ok 20250611173014-z_dbg_gen_00506_inp_hr
[77] ok 20250628074500-500P2_front
[78] ok 20250716055227-z_dbg_gen_00260_inp_hr
[79] ok 20250716055228-z_dbg_gen_00333_inp_hr
[80] ok 20250716055229-z_dbg_gen_00371_inp_hr
[81] ok 20250716055230-z_dbg_gen_00377_inp_hr
[82] ok 20250716055231-z_dbg_gen_00473_inp_hr
[83] ok 20250716055232-z_dbg_gen_00505_inp_hr
[84] ok 20250716055233-z_dbg_gen_00565_inp_hr
[85] ok 20250716055234-z_dbg_gen_00709_inp_hr
[86] ok 20250716055235-z_dbg_gen_00779_inp_hr
[87] ok 20250716055236-z_dbg_gen_00356_inp_hr
[88] ok 20250919184428-0500P2-wrap01_0919
[89] ok 20250919184429-0500P2-wrap02_0919
[90] ok 20250919184430-0500P2-wrap03_0919
[91] ok 20250919184431-0500P2-wrap04_0919
[92] ok 20250919184432-0500P2-wrap05_0919
[93] ok 20250919184433-0500P2-wrap06_0919
[94] ok 20250919184434-0500P2-wrap07_0919
[95] ok 20250919184435-0500P2-wrap08_0919
[96] ok 20250919184436-0500P2-wrap09_0919
[97] ok 20250920020222-0500P2-wrap10_0919
[98] ok 20250920020223-0500P2-wrap12_0919
[99] ok 20250920020224-0500P2-wrap13_0919
[100] ok 20250922024644-0500P2-wrap11_0919
[101] attempt 1 failed 20240304141531-w013_20240304141531_flatboi: wrote /root/w3/sv/PHerc1667__20240304141531-w013_20240304141531_flatboi__20240304141531-on-202512170
[101] attempt 2 failed 20240304141531-w013_20240304141531_flatboi: wrote /root/w3/sv/PHerc1667__20240304141531-w013_20240304141531_flatboi__20240304141531-on-202512170
[101] attempt 3 failed 20240304141531-w013_20240304141531_flatboi: wrote /root/w3/sv/PHerc1667__20240304141531-w013_20240304141531_flatboi__20240304141531-on-202512170
[102] EXCLUDED no surface volume for scan 20251217075048: 20260612121456-w011_20260108140509268_merged_v4_flatboi_straightened_v4
[103] EXCLUDED no surface volume for scan 20260411134726: 20260623161921-w104-106
RERUN DONE  good=255  excluded=2
