fetched 12 meshes
START PHerc0813__z12496_w100 plant=0 07:58:19
DONE  PHerc0813__z12496_w100 plant=0 07:59:50
START PHerc0813__z12496_w100 plant=1 07:59:50
DONE  PHerc0813__z12496_w100 plant=1 08:01:11
START PHerc0813__z11296_w100 plant=0 08:01:11
DONE  PHerc0813__z11296_w100 plant=0 08:03:02
START PHerc0813__z11296_w100 plant=1 08:03:02
DONE  PHerc0813__z11296_w100 plant=1 08:04:05
START PHerc0813__z4704_w100 plant=0 08:04:05
DONE  PHerc0813__z4704_w100 plant=0 08:06:19
START PHerc0813__z4704_w100 plant=1 08:06:19
DONE  PHerc0813__z4704_w100 plant=1 08:07:44
START PHerc0813__z13088_w100 plant=0 08:07:44
DONE  PHerc0813__z13088_w100 plant=0 08:09:46
START PHerc0813__z13088_w100 plant=1 08:09:46
DONE  PHerc0813__z13088_w100 plant=1 08:11:13
START PHerc0813__z11904_w100 plant=0 08:11:13
DONE  PHerc0813__z11904_w100 plant=0 08:12:43
START PHerc0813__z11904_w100 plant=1 08:12:43
DONE  PHerc0813__z11904_w100 plant=1 08:13:49
START PHerc0813__z11904_w080 plant=0 08:13:49
DONE  PHerc0813__z11904_w080 plant=0 08:14:55
START PHerc0813__z11904_w080 plant=1 08:14:55
DONE  PHerc0813__z11904_w080 plant=1 08:15:46
START PHerc0211__z4912_w080 plant=0 08:15:46
DONE  PHerc0211__z4912_w080 plant=0 08:17:08
START PHerc0211__z4912_w080 plant=1 08:17:08
DONE  PHerc0211__z4912_w080 plant=1 08:17:53
START PHerc0211__z13920_w080 plant=0 08:17:53
DONE  PHerc0211__z13920_w080 plant=0 08:18:58
START PHerc0211__z13920_w080 plant=1 08:18:58
DONE  PHerc0211__z13920_w080 plant=1 08:19:54
START PHerc0800__z17072_w100 plant=0 08:19:54
FAILED PHerc0800__z17072_w100 plant=0
DONE  PHerc0800__z17072_w100 plant=0 08:19:58
START PHerc0800__z17072_w100 plant=1 08:19:58
FAILED PHerc0800__z17072_w100 plant=1
DONE  PHerc0800__z17072_w100 plant=1 08:20:10
START PHerc0125__z6944_w080 plant=0 08:20:10
FAILED PHerc0125__z6944_w080 plant=0
DONE  PHerc0125__z6944_w080 plant=0 08:20:13
START PHerc0125__z6944_w080 plant=1 08:20:13
FAILED PHerc0125__z6944_w080 plant=1
DONE  PHerc0125__z6944_w080 plant=1 08:20:22
START PHerc0211__z6720_w100 plant=0 08:20:22
FAILED PHerc0211__z6720_w100 plant=0
DONE  PHerc0211__z6720_w100 plant=0 08:20:26
START PHerc0211__z6720_w100 plant=1 08:20:26
FAILED PHerc0211__z6720_w100 plant=1
DONE  PHerc0211__z6720_w100 plant=1 08:20:29
START PHerc0211__z9120_w100 plant=0 08:20:29
FAILED PHerc0211__z9120_w100 plant=0
DONE  PHerc0211__z9120_w100 plant=0 08:20:32
START PHerc0211__z9120_w100 plant=1 08:20:32
FAILED PHerc0211__z9120_w100 plant=1
DONE  PHerc0211__z9120_w100 plant=1 08:20:36
ALL DONE 08:20:36
ROUND2 13:41:42
fetched 12 meshes
START PHerc0800__z17072_w100 plant=0 13:41:42
DONE  PHerc0800__z17072_w100 plant=0 13:43:34
START PHerc0800__z17072_w100 plant=1 13:43:34
DONE  PHerc0800__z17072_w100 plant=1 13:45:06
START PHerc0125__z6944_w080 plant=0 13:45:06
DONE  PHerc0125__z6944_w080 plant=0 13:46:45
START PHerc0125__z6944_w080 plant=1 13:46:45
DONE  PHerc0125__z6944_w080 plant=1 13:47:39
START PHerc0211__z6720_w100 plant=0 13:47:39
DONE  PHerc0211__z6720_w100 plant=0 13:48:33
START PHerc0211__z6720_w100 plant=1 13:48:33
DONE  PHerc0211__z6720_w100 plant=1 13:49:13
START PHerc0211__z9120_w100 plant=0 13:49:13
DONE  PHerc0211__z9120_w100 plant=0 13:50:10
START PHerc0211__z9120_w100 plant=1 13:50:10
DONE  PHerc0211__z9120_w100 plant=1 13:50:49
ALL DONE 13:50:49
